==================== atis (generative) ====================
[atis] train=3000 eval=300
Loading weights:   0%|          | 0/148 [00:00<?, ?it/s]Loading weights: 100%|██████████| 148/148 [00:00<00:00, 19089.64it/s]
[transformers] `loss_type=None` was set in the config but it is unrecognized. Using the default loss: `ForCausalLMLoss`.
  epoch 1/3 loss=0.2707
  epoch 2/3 loss=0.0653
  epoch 3/3 loss=0.0368
{
  "dataset": "atis",
  "model": "models/gpt2",
  "kind": "generative",
  "n_train": 3000,
  "n_eval": 300,
  "intent_accuracy": 0.48333333333333334,
  "slot_value_f1": {
    "precision": 0.9185393258426966,
    "recall": 0.29432943294329433,
    "f1": 0.4458077709611452,
    "tp": 327,
    "fp": 29,
    "fn": 784
  },
  "parse_failure_rate": 0.4666666666666667,
  "latency_ms": {
    "n": 295,
    "mean": 306.07906302991637,
    "p50": 359.1101669881027,
    "p95": 374.79787500342354
  },
  "train_time_s": 527.6349232196808
}
==================== snips (generative) ====================
[snips] train=3000 eval=300
Loading weights:   0%|          | 0/148 [00:00<?, ?it/s]Loading weights: 100%|██████████| 148/148 [00:00<00:00, 20067.14it/s]
[transformers] `loss_type=None` was set in the config but it is unrecognized. Using the default loss: `ForCausalLMLoss`.
